  state:0.0, ok
  Welcome! Try test(30)
->play
  state:1.0, mode:play, ok
  Movement:none
    (1:1)  (1:2)  (1:3)  (1:4)  (1:5)  
    E---   *---   P---   ----   PP--   
    (2:1)  (2:2)  (2:3)  (2:4)  (2:5)  
    ----   ----   W---   ----   P---   
    (3:1)  (3:2)  (3:3)  (3:4)  (3:5)  
    PY--   ----   O---   PW--   ----   
    (4:1)  (4:2)  (4:3)  (4:4)  (4:5)  
    W---   P*--   P---   P*--   ----   
    (5:1)  (5:2)  (5:3)  (5:4)  (5:5)  
    PW--   ----   *---   ----   PW--   
->status
  state:1.1, mode:play, ok
  Explorer status report:Travelling at cruise speed at [1,1,1]
  Life units left:3, Fuel units left:3
->abort
  state:1.2, ok
  Mission aborted. Try test(30)
->status
  state:1.3, error
  Negative on that request:no mission in progress.
->play
  state:2.0, mode:play, ok
  Movement:none
    (1:1)  (1:2)  (1:3)  (1:4)  (1:5)  
    EW--   PPP*   PP--   P---   Y---   
    (2:1)  (2:2)  (2:3)  (2:4)  (2:5)  
    ----   *---   PY--   ----   P---   
    (3:1)  (3:2)  (3:3)  (3:4)  (3:5)  
    P---   ----   O---   PY--   P---   
    (4:1)  (4:2)  (4:3)  (4:4)  (4:5)  
    ----   ----   W---   P---   ----   
    (5:1)  (5:2)  (5:3)  (5:4)  (5:5)  
    ----   PY--   P---   *---   PW--   
->status
  state:2.1, mode:play, ok
  Explorer status report:Travelling at cruise speed at [1,1,1]
  Life units left:3, Fuel units left:3
->abort
  state:2.2, ok
  Mission aborted. Try test(30)
->status
  state:2.3, error
  Negative on that request:no mission in progress.
->play
  state:3.0, mode:play, ok
  Movement:none
    (1:1)  (1:2)  (1:3)  (1:4)  (1:5)  
    EP--   PY--   P---   P---   W---   
    (2:1)  (2:2)  (2:3)  (2:4)  (2:5)  
    PP--   ----   ----   ----   P---   
    (3:1)  (3:2)  (3:3)  (3:4)  (3:5)  
    W---   *---   O---   PPPW   PY--   
    (4:1)  (4:2)  (4:3)  (4:4)  (4:5)  
    P*--   W---   P---   P---   ----   
    (5:1)  (5:2)  (5:3)  (5:4)  (5:5)  
    ----   ----   P*--   P---   Y---   
->status
  state:3.1, mode:play, ok
  Explorer status report:Travelling at cruise speed at [1,1,1]
  Life units left:3, Fuel units left:3
->abort
  state:3.2, ok
  Mission aborted. Try test(30)
->status
  state:3.3, error
  Negative on that request:no mission in progress.
->play
  state:4.0, mode:play, ok
  Movement:none
    (1:1)  (1:2)  (1:3)  (1:4)  (1:5)  
    E---   P---   W---   ----   P---   
    (2:1)  (2:2)  (2:3)  (2:4)  (2:5)  
    ----   P*--   P---   ----   ----   
    (3:1)  (3:2)  (3:3)  (3:4)  (3:5)  
    P---   P---   O---   ----   P---   
    (4:1)  (4:2)  (4:3)  (4:4)  (4:5)  
    P---   PY--   *---   W---   W---   
    (5:1)  (5:2)  (5:3)  (5:4)  (5:5)  
    *---   Y---   P*--   P*--   ----   
->status
  state:4.1, mode:play, ok
  Explorer status report:Travelling at cruise speed at [1,1,1]
  Life units left:3, Fuel units left:3
->abort
  state:4.2, ok
  Mission aborted. Try test(30)
->status
  state:4.3, error
  Negative on that request:no mission in progress.
->play
  state:5.0, mode:play, ok
  Movement:none
    (1:1)  (1:2)  (1:3)  (1:4)  (1:5)  
    EW--   *---   P---   P*--   ----   
    (2:1)  (2:2)  (2:3)  (2:4)  (2:5)  
    PP--   P*--   W---   ----   PP*-   
    (3:1)  (3:2)  (3:3)  (3:4)  (3:5)  
    P*--   ----   O---   ----   ----   
    (4:1)  (4:2)  (4:3)  (4:4)  (4:5)  
    ----   ----   W---   *---   ----   
    (5:1)  (5:2)  (5:3)  (5:4)  (5:5)  
    P---   PY--   ----   ----   P---   
->status
  state:5.1, mode:play, ok
  Explorer status report:Travelling at cruise speed at [1,1,1]
  Life units left:3, Fuel units left:3
->abort
  state:5.2, ok
  Mission aborted. Try test(30)
->status
  state:5.3, error
  Negative on that request:no mission in progress.
->play
  state:6.0, mode:play, ok
  Movement:none
    (1:1)  (1:2)  (1:3)  (1:4)  (1:5)  
    E---   P*--   ----   ----   PW--   
    (2:1)  (2:2)  (2:3)  (2:4)  (2:5)  
    PW--   P---   ----   Y---   P---   
    (3:1)  (3:2)  (3:3)  (3:4)  (3:5)  
    ----   P*--   O---   PW--   P---   
    (4:1)  (4:2)  (4:3)  (4:4)  (4:5)  
    W---   Y---   P---   ----   ----   
    (5:1)  (5:2)  (5:3)  (5:4)  (5:5)  
    PY--   ----   W---   ----   P---   
->status
  state:6.1, mode:play, ok
  Explorer status report:Travelling at cruise speed at [1,1,1]
  Life units left:3, Fuel units left:3
->move(N)
  state:7.0, mode:play, ok
  Movement:
    [0,E]:[1,1,1]->[5,1,3]
    [8,P]:[3,5,1]->[4,4,1]
    [11,P]:[5,5,1]->[1,4,1]
    (1:1)  (1:2)  (1:3)  (1:4)  (1:5)  
    ----   P*--   ----   P---   PW--   
    (2:1)  (2:2)  (2:3)  (2:4)  (2:5)  
    PW--   P---   ----   Y---   P---   
    (3:1)  (3:2)  (3:3)  (3:4)  (3:5)  
    ----   P*--   O---   PW--   ----   
    (4:1)  (4:2)  (4:3)  (4:4)  (4:5)  
    W---   Y---   P---   P---   ----   
    (5:1)  (5:2)  (5:3)  (5:4)  (5:5)  
    PYE-   ----   W---   ----   ----   
->status
  state:7.1, mode:play, ok
  Explorer status report:Travelling at cruise speed at [5,1,3]
  Life units left:3, Fuel units left:3
->move(NE)
  state:8.0, mode:play, ok
  Movement:
    [0,E]:[5,1,3]->[4,2,2]
    [2,P]:[1,5,1]->[2,5,2]
    [4,P]:[2,2,1]->[1,2,3]
    [7,P]:[3,4,1]->[3,5,1]
    (1:1)  (1:2)  (1:3)  (1:4)  (1:5)  
    ----   P*P-   ----   P---   -W--   
    (2:1)  (2:2)  (2:3)  (2:4)  (2:5)  
    PW--   ----   ----   Y---   PP--   
    (3:1)  (3:2)  (3:3)  (3:4)  (3:5)  
    ----   P*--   O---   -W--   P---   
    (4:1)  (4:2)  (4:3)  (4:4)  (4:5)  
    W---   YE--   P---   P---   ----   
    (5:1)  (5:2)  (5:3)  (5:4)  (5:5)  
    PY--   ----   W---   ----   ----   
->status
  state:8.1, mode:play, ok
  Explorer status report:Travelling at cruise speed at [4,2,2]
  Life units left:3, Fuel units left:3
->move(SW)
  state:9.0, mode:play, ok
  Movement:
    [0,E]:[4,2,2]->[5,1,3]
    [3,P]:[2,1,1]->[1,1,1]
    [5,P]:[2,5,1]->[3,5,2]
    [9,P]:[4,3,1]->[5,3,2]
    (1:1)  (1:2)  (1:3)  (1:4)  (1:5)  
    P---   P*P-   ----   P---   -W--   
    (2:1)  (2:2)  (2:3)  (2:4)  (2:5)  
    -W--   ----   ----   Y---   -P--   
    (3:1)  (3:2)  (3:3)  (3:4)  (3:5)  
    ----   P*--   O---   -W--   PP--   
    (4:1)  (4:2)  (4:3)  (4:4)  (4:5)  
    W---   Y---   ----   P---   ----   
    (5:1)  (5:2)  (5:3)  (5:4)  (5:5)  
    PYE-   ----   WP--   ----   ----   
->status
  state:9.1, mode:play, ok
  Explorer status report:Travelling at cruise speed at [5,1,3]
  Life units left:3, Fuel units left:3
->land
  state:10.0, mode:play, ok
  Tranquility base here - we've got a life!
->status
  state:10.1, error
  Negative on that request:no mission in progress.
->move(N)
  state:10.2, error
  Negative on that request:no mission in progress.
->status
  state:10.3, error
  Negative on that request:no mission in progress.
->wormhole
  state:10.4, error
  Negative on that request:no mission in progress.
->status
  state:10.5, error
  Negative on that request:no mission in progress.
->move(SW)
  state:10.6, error
  Negative on that request:no mission in progress.
->status
  state:10.7, error
  Negative on that request:no mission in progress.
->land
  state:10.8, error
  Negative on that request:no mission in progress.
->status
  state:10.9, error
  Negative on that request:no mission in progress.
->pass
  state:10.10, error
  Negative on that request:no mission in progress.
->status
  state:10.11, error
  Negative on that request:no mission in progress.
->pass
  state:10.12, error
  Negative on that request:no mission in progress.
->status
  state:10.13, error
  Negative on that request:no mission in progress.
->pass
  state:10.14, error
  Negative on that request:no mission in progress.
->pass
  state:10.15, error
  Negative on that request:no mission in progress.
->status
  state:10.16, error
  Negative on that request:no mission in progress.
->pass
  state:10.17, error
  Negative on that request:no mission in progress.
->pass
  state:10.18, error
  Negative on that request:no mission in progress.
->status
  state:10.19, error
  Negative on that request:no mission in progress.
->pass
  state:10.20, error
  Negative on that request:no mission in progress.
->pass
  state:10.21, error
  Negative on that request:no mission in progress.
->pass
  state:10.22, error
  Negative on that request:no mission in progress.
->pass
  state:10.23, error
  Negative on that request:no mission in progress.
->pass
  state:10.24, error
  Negative on that request:no mission in progress.
->pass
  state:10.25, error
  Negative on that request:no mission in progress.
->status
  state:10.26, error
  Negative on that request:no mission in progress.
->pass
  state:10.27, error
  Negative on that request:no mission in progress.
->pass
  state:10.28, error
  Negative on that request:no mission in progress.
->pass
  state:10.29, error
  Negative on that request:no mission in progress.
->status
  state:10.30, error
  Negative on that request:no mission in progress.
->pass
  state:10.31, error
  Negative on that request:no mission in progress.
->pass
  state:10.32, error
  Negative on that request:no mission in progress.
->status
  state:10.33, error
  Negative on that request:no mission in progress.
->pass
  state:10.34, error
  Negative on that request:no mission in progress.
->pass
  state:10.35, error
  Negative on that request:no mission in progress.
->pass
  state:10.36, error
  Negative on that request:no mission in progress.
->status
  state:10.37, error
  Negative on that request:no mission in progress.
->pass
  state:10.38, error
  Negative on that request:no mission in progress.
->pass
  state:10.39, error
  Negative on that request:no mission in progress.
->pass
  state:10.40, error
  Negative on that request:no mission in progress.
->abort
  state:10.41, error
  Negative on that request:no mission in progress.
->play
  state:11.0, mode:play, ok
  Movement:none
    (1:1)  (1:2)  (1:3)  (1:4)  (1:5)  
    E*--   P---   Y---   ----   *---   
    (2:1)  (2:2)  (2:3)  (2:4)  (2:5)  
    ----   ----   PP--   P*--   ----   
    (3:1)  (3:2)  (3:3)  (3:4)  (3:5)  
    PPP*   PY--   O---   P*--   ----   
    (4:1)  (4:2)  (4:3)  (4:4)  (4:5)  
    *---   P*--   ----   PPW-   ----   
    (5:1)  (5:2)  (5:3)  (5:4)  (5:5)  
    ----   ----   ----   P---   ----   
->move(N)
  state:12.0, mode:play, ok
  Movement:
    [0,E]:[1,1,1]->[5,1,1]
    [1,P]:[1,2,1]->[5,3,1]
    [2,P]:[2,3,1]->[1,2,1]
    [3,P]:[2,3,2]->[2,2,1]
    [12,P]:[4,4,2]->[3,5,1]
    (1:1)  (1:2)  (1:3)  (1:4)  (1:5)  
    -*--   P---   Y---   ----   *---   
    (2:1)  (2:2)  (2:3)  (2:4)  (2:5)  
    ----   P---   ----   P*--   ----   
    (3:1)  (3:2)  (3:3)  (3:4)  (3:5)  
    PPP*   PY--   O---   P*--   P---   
    (4:1)  (4:2)  (4:3)  (4:4)  (4:5)  
    *---   P*--   ----   P-W-   ----   
    (5:1)  (5:2)  (5:3)  (5:4)  (5:5)  
    E---   ----   P---   P---   ----   
->status
  state:12.1, mode:play, ok
  Explorer status report:Travelling at cruise speed at [5,1,1]
  Life units left:3, Fuel units left:2
->wormhole
  state:12.2, mode:play, error
  Explorer couldn't find wormhole at Sector:5:1
->status
  state:12.3, mode:play, ok
  Explorer status report:Travelling at cruise speed at [5,1,1]
  Life units left:3, Fuel units left:2
->move(SW)
  state:13.0, mode:play, ok
  Movement:
    [0,E]:[5,1,1]->[1,5,2]
    [11,P]:[4,4,1]->[3,5,2]
    [13,P]:[5,4,1]->[4,3,1]
    (1:1)  (1:2)  (1:3)  (1:4)  (1:5)  
    -*--   P---   Y---   ----   *E--   
    (2:1)  (2:2)  (2:3)  (2:4)  (2:5)  
    ----   P---   ----   P*--   ----   
    (3:1)  (3:2)  (3:3)  (3:4)  (3:5)  
    PPP*   PY--   O---   P*--   PP--   
    (4:1)  (4:2)  (4:3)  (4:4)  (4:5)  
    *---   P*--   P---   --W-   ----   
    (5:1)  (5:2)  (5:3)  (5:4)  (5:5)  
    ----   ----   P---   ----   ----   
->land
  state:13.1, mode:play, error
  Negative on that request:no yellow dwarf at Sector:1:5
->pass
  state:14.0, mode:play, ok
  Movement:
    [1,P]:[5,3,1]->[4,4,1]
    [2,P]:[1,2,1]->[5,3,1]
    [12,P]:[3,5,1]->[4,4,2]
    (1:1)  (1:2)  (1:3)  (1:4)  (1:5)  
    -*--   ----   Y---   ----   *E--   
    (2:1)  (2:2)  (2:3)  (2:4)  (2:5)  
    ----   P---   ----   P*--   ----   
    (3:1)  (3:2)  (3:3)  (3:4)  (3:5)  
    PPP*   PY--   O---   P*--   -P--   
    (4:1)  (4:2)  (4:3)  (4:4)  (4:5)  
    *---   P*--   P---   PPW-   ----   
    (5:1)  (5:2)  (5:3)  (5:4)  (5:5)  
    ----   ----   P---   ----   ----   
->pass
  state:15.0, mode:play, ok
  Movement:
    [3,P]:[2,2,1]
    [12,P]:[4,4,2]->[3,4,3]
    [13,P]:[4,3,1]->[5,4,1]
    (1:1)  (1:2)  (1:3)  (1:4)  (1:5)  
    -*--   ----   Y---   ----   *E--   
    (2:1)  (2:2)  (2:3)  (2:4)  (2:5)  
    ----   P---   ----   P*--   ----   
    (3:1)  (3:2)  (3:3)  (3:4)  (3:5)  
    PPP*   PY--   O---   P*P-   -P--   
    (4:1)  (4:2)  (4:3)  (4:4)  (4:5)  
    *---   P*--   ----   P-W-   ----   
    (5:1)  (5:2)  (5:3)  (5:4)  (5:5)  
    ----   ----   P---   P---   ----   
->status
  state:15.1, mode:play, ok
  Explorer status report:Travelling at cruise speed at [1,5,2]
  Life units left:3, Fuel units left:3
->pass
  state:16.0, mode:play, ok
  Movement:
    [2,P]:[5,3,1]->[1,2,1]
    [3,P]:[2,2,1]->[3,3,2]
    [11,P]:[3,5,2]
    [13,P]:[5,4,1]->[1,5,3]
    (1:1)  (1:2)  (1:3)  (1:4)  (1:5)  
    -*--   P---   Y---   ----   *EP-   
    (2:1)  (2:2)  (2:3)  (2:4)  (2:5)  
    ----   ----   ----   P*--   ----   
    (3:1)  (3:2)  (3:3)  (3:4)  (3:5)  
    PPP*   PY--   O---   P*P-   -P--   
    (4:1)  (4:2)  (4:3)  (4:4)  (4:5)  
    *---   P*--   ----   P-W-   ----   
    (5:1)  (5:2)  (5:3)  (5:4)  (5:5)  
    ----   ----   ----   ----   ----   
->pass
  state:17.0, mode:play, ok
  Movement:
    [1,P]:[4,4,1]->[5,4,1]
    [2,P]:[1,2,1]->[5,1,1]
    (1:1)  (1:2)  (1:3)  (1:4)  (1:5)  
    -*--   ----   Y---   ----   *EP-   
    (2:1)  (2:2)  (2:3)  (2:4)  (2:5)  
    ----   ----   ----   P*--   ----   
    (3:1)  (3:2)  (3:3)  (3:4)  (3:5)  
    PPP*   PY--   O---   P*P-   -P--   
    (4:1)  (4:2)  (4:3)  (4:4)  (4:5)  
    *---   P*--   ----   --W-   ----   
    (5:1)  (5:2)  (5:3)  (5:4)  (5:5)  
    P---   ----   ----   P---   ----   
->pass
  state:18.0, mode:play, ok
  Movement:
    [11,P]:[3,5,2]
    (1:1)  (1:2)  (1:3)  (1:4)  (1:5)  
    -*--   ----   Y---   ----   *EP-   
    (2:1)  (2:2)  (2:3)  (2:4)  (2:5)  
    ----   ----   ----   P*--   ----   
    (3:1)  (3:2)  (3:3)  (3:4)  (3:5)  
    PPP*   PY--   O---   P*P-   -P--   
    (4:1)  (4:2)  (4:3)  (4:4)  (4:5)  
    *---   P*--   ----   --W-   ----   
    (5:1)  (5:2)  (5:3)  (5:4)  (5:5)  
    P---   ----   ----   P---   ----   
->pass
  state:19.0, mode:play, ok
  Movement:
    [1,P]:[5,4,1]->[5,3,1]
    [11,P]:[3,5,2]->[2,5,1]
    (1:1)  (1:2)  (1:3)  (1:4)  (1:5)  
    -*--   ----   Y---   ----   *EP-   
    (2:1)  (2:2)  (2:3)  (2:4)  (2:5)  
    ----   ----   ----   P*--   P---   
    (3:1)  (3:2)  (3:3)  (3:4)  (3:5)  
    PPP*   PY--   O---   P*P-   ----   
    (4:1)  (4:2)  (4:3)  (4:4)  (4:5)  
    *---   P*--   ----   --W-   ----   
    (5:1)  (5:2)  (5:3)  (5:4)  (5:5)  
    P---   ----   P---   ----   ----   
->status
  state:19.1, mode:play, ok
  Explorer status report:Travelling at cruise speed at [1,5,2]
  Life units left:3, Fuel units left:3
->pass
  state:20.0, mode:play, ok
  Movement:
    [2,P]:[5,1,1]->[5,5,1]
    (1:1)  (1:2)  (1:3)  (1:4)  (1:5)  
    -*--   ----   Y---   ----   *EP-   
    (2:1)  (2:2)  (2:3)  (2:4)  (2:5)  
    ----   ----   ----   P*--   P---   
    (3:1)  (3:2)  (3:3)  (3:4)  (3:5)  
    PPP*   PY--   O---   P*P-   ----   
    (4:1)  (4:2)  (4:3)  (4:4)  (4:5)  
    *---   P*--   ----   --W-   ----   
    (5:1)  (5:2)  (5:3)  (5:4)  (5:5)  
    ----   ----   P---   ----   P---   
->pass
  state:21.0, mode:play, ok
  Movement:
    [1,P]:[5,3,1]->[4,2,3]
    [2,P]:[5,5,1]->[4,1,2]
    [11,P]:[2,5,1]
    (1:1)  (1:2)  (1:3)  (1:4)  (1:5)  
    -*--   ----   Y---   ----   *EP-   
    (2:1)  (2:2)  (2:3)  (2:4)  (2:5)  
    ----   ----   ----   P*--   P---   
    (3:1)  (3:2)  (3:3)  (3:4)  (3:5)  
    PPP*   PY--   O---   P*P-   ----   
    (4:1)  (4:2)  (4:3)  (4:4)  (4:5)  
    *P--   P*P-   ----   --W-   ----   
    (5:1)  (5:2)  (5:3)  (5:4)  (5:5)  
    ----   ----   ----   ----   ----   
->status
  state:21.1, mode:play, ok
  Explorer status report:Travelling at cruise speed at [1,5,2]
  Life units left:3, Fuel units left:3
->pass
  state:22.0, mode:play, ok
  Movement:none
    (1:1)  (1:2)  (1:3)  (1:4)  (1:5)  
    -*--   ----   Y---   ----   *EP-   
    (2:1)  (2:2)  (2:3)  (2:4)  (2:5)  
    ----   ----   ----   P*--   P---   
    (3:1)  (3:2)  (3:3)  (3:4)  (3:5)  
    PPP*   PY--   O---   P*P-   ----   
    (4:1)  (4:2)  (4:3)  (4:4)  (4:5)  
    *P--   P*P-   ----   --W-   ----   
    (5:1)  (5:2)  (5:3)  (5:4)  (5:5)  
    ----   ----   ----   ----   ----   
->pass
  state:23.0, mode:play, ok
  Movement:
    [11,P]:[2,5,1]->[1,5,4]
    (1:1)  (1:2)  (1:3)  (1:4)  (1:5)  
    -*--   ----   Y---   ----   *EPP   
    (2:1)  (2:2)  (2:3)  (2:4)  (2:5)  
    ----   ----   ----   P*--   ----   
    (3:1)  (3:2)  (3:3)  (3:4)  (3:5)  
    PPP*   PY--   O---   P*P-   ----   
    (4:1)  (4:2)  (4:3)  (4:4)  (4:5)  
    *P--   P*P-   ----   --W-   ----   
    (5:1)  (5:2)  (5:3)  (5:4)  (5:5)  
    ----   ----   ----   ----   ----   
->pass
  state:24.0, mode:play, ok
  Movement:none
    (1:1)  (1:2)  (1:3)  (1:4)  (1:5)  
    -*--   ----   Y---   ----   *EPP   
    (2:1)  (2:2)  (2:3)  (2:4)  (2:5)  
    ----   ----   ----   P*--   ----   
    (3:1)  (3:2)  (3:3)  (3:4)  (3:5)  
    PPP*   PY--   O---   P*P-   ----   
    (4:1)  (4:2)  (4:3)  (4:4)  (4:5)  
    *P--   P*P-   ----   --W-   ----   
    (5:1)  (5:2)  (5:3)  (5:4)  (5:5)  
    ----   ----   ----   ----   ----   
->status
  state:24.1, mode:play, ok
  Explorer status report:Travelling at cruise speed at [1,5,2]
  Life units left:3, Fuel units left:3
->pass
  state:25.0, mode:play, ok
  Movement:none
    (1:1)  (1:2)  (1:3)  (1:4)  (1:5)  
    -*--   ----   Y---   ----   *EPP   
    (2:1)  (2:2)  (2:3)  (2:4)  (2:5)  
    ----   ----   ----   P*--   ----   
    (3:1)  (3:2)  (3:3)  (3:4)  (3:5)  
    PPP*   PY--   O---   P*P-   ----   
    (4:1)  (4:2)  (4:3)  (4:4)  (4:5)  
    *P--   P*P-   ----   --W-   ----   
    (5:1)  (5:2)  (5:3)  (5:4)  (5:5)  
    ----   ----   ----   ----   ----   
->status
  state:25.1, mode:play, ok
  Explorer status report:Travelling at cruise speed at [1,5,2]
  Life units left:3, Fuel units left:3
->pass
  state:26.0, mode:play, ok
  Movement:none
    (1:1)  (1:2)  (1:3)  (1:4)  (1:5)  
    -*--   ----   Y---   ----   *EPP   
    (2:1)  (2:2)  (2:3)  (2:4)  (2:5)  
    ----   ----   ----   P*--   ----   
    (3:1)  (3:2)  (3:3)  (3:4)  (3:5)  
    PPP*   PY--   O---   P*P-   ----   
    (4:1)  (4:2)  (4:3)  (4:4)  (4:5)  
    *P--   P*P-   ----   --W-   ----   
    (5:1)  (5:2)  (5:3)  (5:4)  (5:5)  
    ----   ----   ----   ----   ----   
->status
  state:26.1, mode:play, ok
  Explorer status report:Travelling at cruise speed at [1,5,2]
  Life units left:3, Fuel units left:3
->pass
  state:27.0, mode:play, ok
  Movement:none
    (1:1)  (1:2)  (1:3)  (1:4)  (1:5)  
    -*--   ----   Y---   ----   *EPP   
    (2:1)  (2:2)  (2:3)  (2:4)  (2:5)  
    ----   ----   ----   P*--   ----   
    (3:1)  (3:2)  (3:3)  (3:4)  (3:5)  
    PPP*   PY--   O---   P*P-   ----   
    (4:1)  (4:2)  (4:3)  (4:4)  (4:5)  
    *P--   P*P-   ----   --W-   ----   
    (5:1)  (5:2)  (5:3)  (5:4)  (5:5)  
    ----   ----   ----   ----   ----   
->pass
  state:28.0, mode:play, ok
  Movement:none
    (1:1)  (1:2)  (1:3)  (1:4)  (1:5)  
    -*--   ----   Y---   ----   *EPP   
    (2:1)  (2:2)  (2:3)  (2:4)  (2:5)  
    ----   ----   ----   P*--   ----   
    (3:1)  (3:2)  (3:3)  (3:4)  (3:5)  
    PPP*   PY--   O---   P*P-   ----   
    (4:1)  (4:2)  (4:3)  (4:4)  (4:5)  
    *P--   P*P-   ----   --W-   ----   
    (5:1)  (5:2)  (5:3)  (5:4)  (5:5)  
    ----   ----   ----   ----   ----   
->status
  state:28.1, mode:play, ok
  Explorer status report:Travelling at cruise speed at [1,5,2]
  Life units left:3, Fuel units left:3
->pass
  state:29.0, mode:play, ok
  Movement:none
    (1:1)  (1:2)  (1:3)  (1:4)  (1:5)  
    -*--   ----   Y---   ----   *EPP   
    (2:1)  (2:2)  (2:3)  (2:4)  (2:5)  
    ----   ----   ----   P*--   ----   
    (3:1)  (3:2)  (3:3)  (3:4)  (3:5)  
    PPP*   PY--   O---   P*P-   ----   
    (4:1)  (4:2)  (4:3)  (4:4)  (4:5)  
    *P--   P*P-   ----   --W-   ----   
    (5:1)  (5:2)  (5:3)  (5:4)  (5:5)  
    ----   ----   ----   ----   ----   
->pass
  state:30.0, mode:play, ok
  Movement:none
    (1:1)  (1:2)  (1:3)  (1:4)  (1:5)  
    -*--   ----   Y---   ----   *EPP   
    (2:1)  (2:2)  (2:3)  (2:4)  (2:5)  
    ----   ----   ----   P*--   ----   
    (3:1)  (3:2)  (3:3)  (3:4)  (3:5)  
    PPP*   PY--   O---   P*P-   ----   
    (4:1)  (4:2)  (4:3)  (4:4)  (4:5)  
    *P--   P*P-   ----   --W-   ----   
    (5:1)  (5:2)  (5:3)  (5:4)  (5:5)  
    ----   ----   ----   ----   ----   
->pass
  state:31.0, mode:play, ok
  Movement:none
    (1:1)  (1:2)  (1:3)  (1:4)  (1:5)  
    -*--   ----   Y---   ----   *EPP   
    (2:1)  (2:2)  (2:3)  (2:4)  (2:5)  
    ----   ----   ----   P*--   ----   
    (3:1)  (3:2)  (3:3)  (3:4)  (3:5)  
    PPP*   PY--   O---   P*P-   ----   
    (4:1)  (4:2)  (4:3)  (4:4)  (4:5)  
    *P--   P*P-   ----   --W-   ----   
    (5:1)  (5:2)  (5:3)  (5:4)  (5:5)  
    ----   ----   ----   ----   ----   
->pass
  state:32.0, mode:play, ok
  Movement:none
    (1:1)  (1:2)  (1:3)  (1:4)  (1:5)  
    -*--   ----   Y---   ----   *EPP   
    (2:1)  (2:2)  (2:3)  (2:4)  (2:5)  
    ----   ----   ----   P*--   ----   
    (3:1)  (3:2)  (3:3)  (3:4)  (3:5)  
    PPP*   PY--   O---   P*P-   ----   
    (4:1)  (4:2)  (4:3)  (4:4)  (4:5)  
    *P--   P*P-   ----   --W-   ----   
    (5:1)  (5:2)  (5:3)  (5:4)  (5:5)  
    ----   ----   ----   ----   ----   
->pass
  state:33.0, mode:play, ok
  Movement:none
    (1:1)  (1:2)  (1:3)  (1:4)  (1:5)  
    -*--   ----   Y---   ----   *EPP   
    (2:1)  (2:2)  (2:3)  (2:4)  (2:5)  
    ----   ----   ----   P*--   ----   
    (3:1)  (3:2)  (3:3)  (3:4)  (3:5)  
    PPP*   PY--   O---   P*P-   ----   
    (4:1)  (4:2)  (4:3)  (4:4)  (4:5)  
    *P--   P*P-   ----   --W-   ----   
    (5:1)  (5:2)  (5:3)  (5:4)  (5:5)  
    ----   ----   ----   ----   ----   
->pass
  state:34.0, mode:play, ok
  Movement:none
    (1:1)  (1:2)  (1:3)  (1:4)  (1:5)  
    -*--   ----   Y---   ----   *EPP   
    (2:1)  (2:2)  (2:3)  (2:4)  (2:5)  
    ----   ----   ----   P*--   ----   
    (3:1)  (3:2)  (3:3)  (3:4)  (3:5)  
    PPP*   PY--   O---   P*P-   ----   
    (4:1)  (4:2)  (4:3)  (4:4)  (4:5)  
    *P--   P*P-   ----   --W-   ----   
    (5:1)  (5:2)  (5:3)  (5:4)  (5:5)  
    ----   ----   ----   ----   ----   
->pass
  state:35.0, mode:play, ok
  Movement:none
    (1:1)  (1:2)  (1:3)  (1:4)  (1:5)  
    -*--   ----   Y---   ----   *EPP   
    (2:1)  (2:2)  (2:3)  (2:4)  (2:5)  
    ----   ----   ----   P*--   ----   
    (3:1)  (3:2)  (3:3)  (3:4)  (3:5)  
    PPP*   PY--   O---   P*P-   ----   
    (4:1)  (4:2)  (4:3)  (4:4)  (4:5)  
    *P--   P*P-   ----   --W-   ----   
    (5:1)  (5:2)  (5:3)  (5:4)  (5:5)  
    ----   ----   ----   ----   ----   
->pass
  state:36.0, mode:play, ok
  Movement:none
    (1:1)  (1:2)  (1:3)  (1:4)  (1:5)  
    -*--   ----   Y---   ----   *EPP   
    (2:1)  (2:2)  (2:3)  (2:4)  (2:5)  
    ----   ----   ----   P*--   ----   
    (3:1)  (3:2)  (3:3)  (3:4)  (3:5)  
    PPP*   PY--   O---   P*P-   ----   
    (4:1)  (4:2)  (4:3)  (4:4)  (4:5)  
    *P--   P*P-   ----   --W-   ----   
    (5:1)  (5:2)  (5:3)  (5:4)  (5:5)  
    ----   ----   ----   ----   ----   
->pass
  state:37.0, mode:play, ok
  Movement:none
    (1:1)  (1:2)  (1:3)  (1:4)  (1:5)  
    -*--   ----   Y---   ----   *EPP   
    (2:1)  (2:2)  (2:3)  (2:4)  (2:5)  
    ----   ----   ----   P*--   ----   
    (3:1)  (3:2)  (3:3)  (3:4)  (3:5)  
    PPP*   PY--   O---   P*P-   ----   
    (4:1)  (4:2)  (4:3)  (4:4)  (4:5)  
    *P--   P*P-   ----   --W-   ----   
    (5:1)  (5:2)  (5:3)  (5:4)  (5:5)  
    ----   ----   ----   ----   ----   
